ggml_vulkan: Found 1 Vulkan devices:
ggml_vulkan: 0 = Intel(R) Iris(R) Xe Graphics (ADL GT2) (Intel open-source Mesa driver) | uma: 1 | fp16: 1 | bf16: 0 | fp4: 0 | warp size: 32 | shared memory: 65536 | int dot: 1 | matrix cores: none
canary: using vulkan backend: Vulkan0
canary kv_cache: allocated 17.0 MB (f16) (self: 1024 session x 4 layers, cross: 63 T_enc x 4 layers)
MATPROFILE q8_0 1024 1024 63 8 2818
OPPROFILE ADD 8 44
OPPROFILE MUL_MAT 8 2818
OPPROFILE CPY 8 178
MATPROFILE q8_0 1024 1024 9 24 13458
MATPROFILE q8_0 1024 4096 9 4 967
MATPROFILE q8_0 4096 1024 9 4 7798
MATPROFILE q8_0 1024 5248 9 1 309
OPPROFILE ADD 60 14854
OPPROFILE MUL 14 3016
OPPROFILE ARGMAX 1 2
OPPROFILE NORM 14 3076
OPPROFILE MUL_MAT 33 22531
OPPROFILE CPY 9 4062
OPPROFILE CONT 1 2
OPPROFILE GET_ROWS 2 5
OPPROFILE FLASH_ATTN_EXT 8 222
OPPROFILE UNARY 4 3619
MATPROFILE q8_0 1024 1024 1 24 739
MATPROFILE q8_0 1024 4096 1 4 442
MATPROFILE q8_0 4096 1024 1 4 435
MATPROFILE q8_0 1024 5248 1 1 88
OPPROFILE ADD 60 75
OPPROFILE MUL 14 10
OPPROFILE ARGMAX 1 2
OPPROFILE NORM 14 15
OPPROFILE MUL_MAT 33 1702
OPPROFILE CPY 8 16
OPPROFILE GET_ROWS 2 1
OPPROFILE FLASH_ATTN_EXT 8 63
OPPROFILE UNARY 4 3
MATPROFILE q8_0 1024 1024 1 24 671
MATPROFILE q8_0 1024 4096 1 4 433
MATPROFILE q8_0 4096 1024 1 4 481
MATPROFILE q8_0 1024 5248 1 1 120
OPPROFILE ADD 60 52
OPPROFILE MUL 14 7
OPPROFILE ARGMAX 1 2
OPPROFILE NORM 14 13
OPPROFILE MUL_MAT 33 1704
OPPROFILE CPY 8 16
OPPROFILE GET_ROWS 2 2
OPPROFILE FLASH_ATTN_EXT 8 38
OPPROFILE UNARY 4 1
MATPROFILE q8_0 1024 1024 1 24 649
MATPROFILE q8_0 1024 4096 1 4 395
MATPROFILE q8_0 4096 1024 1 4 403
MATPROFILE q8_0 1024 5248 1 1 91
OPPROFILE ADD 60 57
OPPROFILE MUL 14 11
OPPROFILE ARGMAX 1 3
OPPROFILE NORM 14 14
OPPROFILE MUL_MAT 33 1538
OPPROFILE CPY 8 17
OPPROFILE GET_ROWS 2 2
OPPROFILE FLASH_ATTN_EXT 8 44
OPPROFILE UNARY 4 2
MATPROFILE q8_0 1024 1024 1 24 633
MATPROFILE q8_0 1024 4096 1 4 378
MATPROFILE q8_0 4096 1024 1 4 399
MATPROFILE q8_0 1024 5248 1 1 96
OPPROFILE ADD 60 54
OPPROFILE MUL 14 10
OPPROFILE ARGMAX 1 2
OPPROFILE NORM 14 12
OPPROFILE MUL_MAT 33 1506
OPPROFILE CPY 8 13
OPPROFILE GET_ROWS 2 2
OPPROFILE FLASH_ATTN_EXT 8 37
OPPROFILE UNARY 4 1
MATPROFILE q8_0 1024 1024 1 24 629
MATPROFILE q8_0 1024 4096 1 4 382
MATPROFILE q8_0 4096 1024 1 4 396
MATPROFILE q8_0 1024 5248 1 1 81
OPPROFILE ADD 60 55
OPPROFILE MUL 14 7
OPPROFILE ARGMAX 1 2
OPPROFILE NORM 14 12
OPPROFILE MUL_MAT 33 1487
OPPROFILE CPY 8 15
OPPROFILE GET_ROWS 2 1
OPPROFILE FLASH_ATTN_EXT 8 37
OPPROFILE UNARY 4 3
MATPROFILE q8_0 1024 1024 1 24 617
MATPROFILE q8_0 1024 4096 1 4 368
MATPROFILE q8_0 4096 1024 1 4 385
MATPROFILE q8_0 1024 5248 1 1 82
OPPROFILE ADD 60 51
OPPROFILE MUL 14 9
OPPROFILE ARGMAX 1 2
OPPROFILE NORM 14 13
OPPROFILE MUL_MAT 33 1449
OPPROFILE CPY 8 16
OPPROFILE GET_ROWS 2 2
OPPROFILE FLASH_ATTN_EXT 8 38
OPPROFILE UNARY 4 3
MATPROFILE q8_0 1024 1024 1 24 617
MATPROFILE q8_0 1024 4096 1 4 371
MATPROFILE q8_0 4096 1024 1 4 378
MATPROFILE q8_0 1024 5248 1 1 78
OPPROFILE ADD 60 50
OPPROFILE MUL 14 10
OPPROFILE ARGMAX 1 2
OPPROFILE NORM 14 13
OPPROFILE MUL_MAT 33 1441
OPPROFILE CPY 8 14
OPPROFILE GET_ROWS 2 2
OPPROFILE FLASH_ATTN_EXT 8 38
OPPROFILE UNARY 4 3
MATPROFILE q8_0 1024 1024 1 24 610
MATPROFILE q8_0 1024 4096 1 4 368
MATPROFILE q8_0 4096 1024 1 4 384
MATPROFILE q8_0 1024 5248 1 1 84
OPPROFILE ADD 60 57
OPPROFILE MUL 14 8
OPPROFILE ARGMAX 1 2
OPPROFILE NORM 14 13
OPPROFILE MUL_MAT 33 1443
OPPROFILE CPY 8 17
OPPROFILE GET_ROWS 2 2
OPPROFILE FLASH_ATTN_EXT 8 38
OPPROFILE UNARY 4 2
MATPROFILE q8_0 1024 1024 1 24 598
MATPROFILE q8_0 1024 4096 1 4 357
MATPROFILE q8_0 4096 1024 1 4 380
MATPROFILE q8_0 1024 5248 1 1 80
OPPROFILE ADD 60 57
OPPROFILE MUL 14 8
OPPROFILE ARGMAX 1 2
OPPROFILE NORM 14 12
OPPROFILE MUL_MAT 33 1415
OPPROFILE CPY 8 16
OPPROFILE GET_ROWS 2 2
OPPROFILE FLASH_ATTN_EXT 8 39
OPPROFILE UNARY 4 1
MATPROFILE q8_0 1024 1024 1 24 675
MATPROFILE q8_0 1024 4096 1 4 406
MATPROFILE q8_0 4096 1024 1 4 401
MATPROFILE q8_0 1024 5248 1 1 87
OPPROFILE ADD 60 56
OPPROFILE MUL 14 8
OPPROFILE ARGMAX 1 2
OPPROFILE NORM 14 14
OPPROFILE MUL_MAT 33 1565
OPPROFILE CPY 8 16
OPPROFILE GET_ROWS 2 2
OPPROFILE FLASH_ATTN_EXT 8 56
OPPROFILE UNARY 4 1
MATPROFILE q8_0 1024 1024 1 24 659
MATPROFILE q8_0 1024 4096 1 4 376
MATPROFILE q8_0 4096 1024 1 4 401
MATPROFILE q8_0 1024 5248 1 1 86
OPPROFILE ADD 60 56
OPPROFILE MUL 14 7
OPPROFILE ARGMAX 1 2
OPPROFILE NORM 14 16
OPPROFILE MUL_MAT 33 1519
OPPROFILE CPY 8 17
OPPROFILE GET_ROWS 2 2
OPPROFILE FLASH_ATTN_EXT 8 44
OPPROFILE UNARY 4 0
MATPROFILE q8_0 1024 1024 1 24 629
MATPROFILE q8_0 1024 4096 1 4 377
MATPROFILE q8_0 4096 1024 1 4 393
MATPROFILE q8_0 1024 5248 1 1 94
OPPROFILE ADD 60 55
OPPROFILE MUL 14 9
OPPROFILE ARGMAX 1 2
OPPROFILE NORM 14 14
OPPROFILE MUL_MAT 33 1492
OPPROFILE CPY 8 16
OPPROFILE GET_ROWS 2 1
OPPROFILE FLASH_ATTN_EXT 8 46
OPPROFILE UNARY 4 2
MATPROFILE q8_0 1024 1024 1 24 605
MATPROFILE q8_0 1024 4096 1 4 367
MATPROFILE q8_0 4096 1024 1 4 379
MATPROFILE q8_0 1024 5248 1 1 86
OPPROFILE ADD 60 48
OPPROFILE MUL 14 9
OPPROFILE ARGMAX 1 2
OPPROFILE NORM 14 14
OPPROFILE MUL_MAT 33 1433
OPPROFILE CPY 8 16
OPPROFILE GET_ROWS 2 2
OPPROFILE FLASH_ATTN_EXT 8 42
OPPROFILE UNARY 4 3
MATPROFILE q8_0 1024 1024 1 24 593
MATPROFILE q8_0 1024 4096 1 4 366
MATPROFILE q8_0 4096 1024 1 4 376
MATPROFILE q8_0 1024 5248 1 1 81
OPPROFILE ADD 60 55
OPPROFILE MUL 14 11
OPPROFILE ARGMAX 1 2
OPPROFILE NORM 14 14
OPPROFILE MUL_MAT 33 1415
OPPROFILE CPY 8 14
OPPROFILE GET_ROWS 2 3
OPPROFILE FLASH_ATTN_EXT 8 40
OPPROFILE UNARY 4 2
MATPROFILE q8_0 1024 1024 1 24 690
MATPROFILE q8_0 1024 4096 1 4 376
MATPROFILE q8_0 4096 1024 1 4 418
MATPROFILE q8_0 1024 5248 1 1 106
OPPROFILE ADD 60 72
OPPROFILE MUL 14 7
OPPROFILE ARGMAX 1 2
OPPROFILE NORM 14 15
OPPROFILE MUL_MAT 33 1589
OPPROFILE CPY 8 15
OPPROFILE GET_ROWS 2 2
OPPROFILE FLASH_ATTN_EXT 8 49
OPPROFILE UNARY 4 2
MATPROFILE q8_0 1024 1024 1 24 610
MATPROFILE q8_0 1024 4096 1 4 386
MATPROFILE q8_0 4096 1024 1 4 412
MATPROFILE q8_0 1024 5248 1 1 94
OPPROFILE ADD 60 65
OPPROFILE MUL 14 8
OPPROFILE ARGMAX 1 2
OPPROFILE NORM 14 14
OPPROFILE MUL_MAT 33 1502
OPPROFILE CPY 8 16
OPPROFILE GET_ROWS 2 2
OPPROFILE FLASH_ATTN_EXT 8 53
OPPROFILE UNARY 4 1
MATPROFILE q8_0 1024 1024 1 24 595
MATPROFILE q8_0 1024 4096 1 4 374
MATPROFILE q8_0 4096 1024 1 4 382
MATPROFILE q8_0 1024 5248 1 1 86
OPPROFILE ADD 60 50
OPPROFILE MUL 14 5
OPPROFILE ARGMAX 1 2
OPPROFILE NORM 14 15
OPPROFILE MUL_MAT 33 1437
OPPROFILE CPY 8 16
OPPROFILE GET_ROWS 2 2
OPPROFILE FLASH_ATTN_EXT 8 41
OPPROFILE UNARY 4 3
MATPROFILE q8_0 1024 1024 1 24 589
MATPROFILE q8_0 1024 4096 1 4 368
MATPROFILE q8_0 4096 1024 1 4 394
MATPROFILE q8_0 1024 5248 1 1 86
OPPROFILE ADD 60 55
OPPROFILE MUL 14 8
OPPROFILE ARGMAX 1 2
OPPROFILE NORM 14 14
OPPROFILE MUL_MAT 33 1433
OPPROFILE CPY 8 13
OPPROFILE GET_ROWS 2 2
OPPROFILE FLASH_ATTN_EXT 8 42
OPPROFILE UNARY 4 2
MATPROFILE q8_0 1024 1024 1 24 583
MATPROFILE q8_0 1024 4096 1 4 355
MATPROFILE q8_0 4096 1024 1 4 391
MATPROFILE q8_0 1024 5248 1 1 99
OPPROFILE ADD 60 61
OPPROFILE MUL 14 5
OPPROFILE ARGMAX 1 2
OPPROFILE NORM 14 12
OPPROFILE MUL_MAT 33 1425
OPPROFILE CPY 8 16
OPPROFILE GET_ROWS 2 1
OPPROFILE FLASH_ATTN_EXT 8 40
OPPROFILE UNARY 4 3
MATPROFILE q8_0 1024 1024 1 24 653
MATPROFILE q8_0 1024 4096 1 4 400
MATPROFILE q8_0 4096 1024 1 4 424
MATPROFILE q8_0 1024 5248 1 1 120
OPPROFILE ADD 60 50
OPPROFILE MUL 14 8
OPPROFILE ARGMAX 1 3
OPPROFILE NORM 14 14
OPPROFILE MUL_MAT 33 1595
OPPROFILE CPY 8 17
OPPROFILE GET_ROWS 2 2
OPPROFILE FLASH_ATTN_EXT 8 53
OPPROFILE UNARY 4 1
MATPROFILE q8_0 1024 1024 1 24 621
MATPROFILE q8_0 1024 4096 1 4 384
MATPROFILE q8_0 4096 1024 1 4 397
MATPROFILE q8_0 1024 5248 1 1 97
OPPROFILE ADD 60 69
OPPROFILE MUL 14 11
OPPROFILE ARGMAX 1 2
OPPROFILE NORM 14 15
OPPROFILE MUL_MAT 33 1496
OPPROFILE CPY 8 16
OPPROFILE GET_ROWS 2 1
OPPROFILE FLASH_ATTN_EXT 8 52
OPPROFILE UNARY 4 1
MATPROFILE q8_0 1024 1024 1 24 630
MATPROFILE q8_0 1024 4096 1 4 389
MATPROFILE q8_0 4096 1024 1 4 406
MATPROFILE q8_0 1024 5248 1 1 99
OPPROFILE ADD 60 55
OPPROFILE MUL 14 12
OPPROFILE ARGMAX 1 2
OPPROFILE NORM 14 11
OPPROFILE MUL_MAT 33 1524
OPPROFILE CPY 8 16
OPPROFILE GET_ROWS 2 2
OPPROFILE FLASH_ATTN_EXT 8 45
OPPROFILE UNARY 4 3
MATPROFILE q8_0 1024 1024 1 24 593
MATPROFILE q8_0 1024 4096 1 4 368
MATPROFILE q8_0 4096 1024 1 4 387
MATPROFILE q8_0 1024 5248 1 1 139
OPPROFILE ADD 60 55
OPPROFILE MUL 14 5
OPPROFILE ARGMAX 1 2
OPPROFILE NORM 14 13
OPPROFILE MUL_MAT 33 1486
OPPROFILE CPY 8 15
OPPROFILE GET_ROWS 2 2
OPPROFILE FLASH_ATTN_EXT 8 44
OPPROFILE UNARY 4 4
MATPROFILE q8_0 1024 1024 1 24 730
MATPROFILE q8_0 1024 4096 1 4 417
MATPROFILE q8_0 4096 1024 1 4 434
MATPROFILE q8_0 1024 5248 1 1 121
OPPROFILE ADD 60 53
OPPROFILE MUL 14 8
OPPROFILE ARGMAX 1 2
OPPROFILE NORM 14 14
OPPROFILE MUL_MAT 33 1700
OPPROFILE CPY 8 14
OPPROFILE GET_ROWS 2 2
OPPROFILE FLASH_ATTN_EXT 8 67
OPPROFILE UNARY 4 3
MATPROFILE q8_0 1024 1024 1 24 706
MATPROFILE q8_0 1024 4096 1 4 456
MATPROFILE q8_0 4096 1024 1 4 485
MATPROFILE q8_0 1024 5248 1 1 154
OPPROFILE ADD 60 65
OPPROFILE MUL 14 11
OPPROFILE ARGMAX 1 2
OPPROFILE NORM 14 16
OPPROFILE MUL_MAT 33 1800
OPPROFILE CPY 8 15
OPPROFILE GET_ROWS 2 3
OPPROFILE FLASH_ATTN_EXT 8 64
OPPROFILE UNARY 4 2
MATPROFILE q8_0 1024 1024 1 24 717
MATPROFILE q8_0 1024 4096 1 4 450
MATPROFILE q8_0 4096 1024 1 4 445
MATPROFILE q8_0 1024 5248 1 1 131
OPPROFILE ADD 60 48
OPPROFILE MUL 14 11
OPPROFILE ARGMAX 1 2
OPPROFILE NORM 14 12
OPPROFILE MUL_MAT 33 1742
OPPROFILE CPY 8 16
OPPROFILE GET_ROWS 2 3
OPPROFILE FLASH_ATTN_EXT 8 73
OPPROFILE UNARY 4 4
MATPROFILE q8_0 1024 1024 1 24 716
MATPROFILE q8_0 1024 4096 1 4 447
MATPROFILE q8_0 4096 1024 1 4 464
MATPROFILE q8_0 1024 5248 1 1 146
OPPROFILE ADD 60 71
OPPROFILE MUL 14 11
OPPROFILE ARGMAX 1 2
OPPROFILE NORM 14 15
OPPROFILE MUL_MAT 33 1769
OPPROFILE CPY 8 16
OPPROFILE GET_ROWS 2 2
OPPROFILE FLASH_ATTN_EXT 8 50
OPPROFILE UNARY 4 1
MATPROFILE q8_0 1024 1024 1 24 882
MATPROFILE q8_0 1024 4096 1 4 568
MATPROFILE q8_0 4096 1024 1 4 525
MATPROFILE q8_0 1024 5248 1 1 179
OPPROFILE ADD 60 51
OPPROFILE MUL 14 9
OPPROFILE ARGMAX 1 2
OPPROFILE NORM 14 15
OPPROFILE MUL_MAT 33 2151
OPPROFILE CPY 8 16
OPPROFILE GET_ROWS 2 2
OPPROFILE FLASH_ATTN_EXT 8 83
OPPROFILE UNARY 4 2
MATPROFILE q8_0 1024 1024 1 24 800
MATPROFILE q8_0 1024 4096 1 4 501
MATPROFILE q8_0 4096 1024 1 4 518
MATPROFILE q8_0 1024 5248 1 1 140
OPPROFILE ADD 60 72
OPPROFILE MUL 14 11
OPPROFILE ARGMAX 1 2
OPPROFILE NORM 14 14
OPPROFILE MUL_MAT 33 1959
OPPROFILE CPY 8 16
OPPROFILE GET_ROWS 2 2
OPPROFILE FLASH_ATTN_EXT 8 82
OPPROFILE UNARY 4 2
MATPROFILE q8_0 1024 1024 1 24 694
MATPROFILE q8_0 1024 4096 1 4 476
MATPROFILE q8_0 4096 1024 1 4 477
MATPROFILE q8_0 1024 5248 1 1 137
OPPROFILE ADD 60 59
OPPROFILE MUL 14 15
OPPROFILE ARGMAX 1 2
OPPROFILE NORM 14 14
OPPROFILE MUL_MAT 33 1784
OPPROFILE CPY 8 17
OPPROFILE GET_ROWS 2 2
OPPROFILE FLASH_ATTN_EXT 8 50
OPPROFILE UNARY 4 1
MATPROFILE q8_0 1024 1024 1 24 673
MATPROFILE q8_0 1024 4096 1 4 450
MATPROFILE q8_0 4096 1024 1 4 478
MATPROFILE q8_0 1024 5248 1 1 136
OPPROFILE ADD 60 56
OPPROFILE MUL 14 11
OPPROFILE ARGMAX 1 3
OPPROFILE NORM 14 14
OPPROFILE MUL_MAT 33 1734
OPPROFILE CPY 8 16
OPPROFILE GET_ROWS 2 1
OPPROFILE FLASH_ATTN_EXT 8 48
OPPROFILE UNARY 4 2
MATPROFILE q8_0 1024 1024 1 24 716
MATPROFILE q8_0 1024 4096 1 4 497
MATPROFILE q8_0 4096 1024 1 4 508
MATPROFILE q8_0 1024 5248 1 1 166
OPPROFILE ADD 60 59
OPPROFILE MUL 14 10
OPPROFILE ARGMAX 1 2
OPPROFILE NORM 14 13
OPPROFILE MUL_MAT 33 1887
OPPROFILE CPY 8 15
OPPROFILE GET_ROWS 2 1
OPPROFILE FLASH_ATTN_EXT 8 53
OPPROFILE UNARY 4 2
MATPROFILE q8_0 1024 1024 1 24 904
MATPROFILE q8_0 1024 4096 1 4 541
MATPROFILE q8_0 4096 1024 1 4 544
MATPROFILE q8_0 1024 5248 1 1 169
OPPROFILE ADD 60 49
OPPROFILE MUL 14 7
OPPROFILE ARGMAX 1 3
OPPROFILE NORM 14 13
OPPROFILE MUL_MAT 33 2157
OPPROFILE CPY 8 15
OPPROFILE GET_ROWS 2 2
OPPROFILE FLASH_ATTN_EXT 8 77
OPPROFILE UNARY 4 3
MATPROFILE q8_0 1024 1024 1 24 742
MATPROFILE q8_0 1024 4096 1 4 481
MATPROFILE q8_0 4096 1024 1 4 475
MATPROFILE q8_0 1024 5248 1 1 140
OPPROFILE ADD 60 50
OPPROFILE MUL 14 12
OPPROFILE ARGMAX 1 2
OPPROFILE NORM 14 15
OPPROFILE MUL_MAT 33 1836
OPPROFILE CPY 8 36
OPPROFILE GET_ROWS 2 2
OPPROFILE FLASH_ATTN_EXT 8 83
OPPROFILE UNARY 4 2
MATPROFILE q8_0 1024 1024 1 24 649
MATPROFILE q8_0 1024 4096 1 4 424
MATPROFILE q8_0 4096 1024 1 4 441
MATPROFILE q8_0 1024 5248 1 1 136
OPPROFILE ADD 60 57
OPPROFILE MUL 14 13
OPPROFILE ARGMAX 1 2
OPPROFILE NORM 14 14
OPPROFILE MUL_MAT 33 1648
OPPROFILE CPY 8 14
OPPROFILE GET_ROWS 2 2
OPPROFILE FLASH_ATTN_EXT 8 45
OPPROFILE UNARY 4 3
MATPROFILE q8_0 1024 1024 1 24 829
MATPROFILE q8_0 1024 4096 1 4 517
MATPROFILE q8_0 4096 1024 1 4 520
MATPROFILE q8_0 1024 5248 1 1 153
OPPROFILE ADD 60 47
OPPROFILE MUL 14 13
OPPROFILE ARGMAX 1 2
OPPROFILE NORM 14 13
OPPROFILE MUL_MAT 33 2016
OPPROFILE CPY 8 14
OPPROFILE GET_ROWS 2 2
OPPROFILE FLASH_ATTN_EXT 8 99
OPPROFILE UNARY 4 1
MATPROFILE q8_0 1024 1024 1 24 635
MATPROFILE q8_0 1024 4096 1 4 409
MATPROFILE q8_0 4096 1024 1 4 433
MATPROFILE q8_0 1024 5248 1 1 132
OPPROFILE ADD 60 56
OPPROFILE MUL 14 8
OPPROFILE ARGMAX 1 3
OPPROFILE NORM 14 14
OPPROFILE MUL_MAT 33 1608
OPPROFILE CPY 8 16
OPPROFILE GET_ROWS 2 1
OPPROFILE FLASH_ATTN_EXT 8 49
OPPROFILE UNARY 4 2
MATPROFILE q8_0 1024 1024 1 24 652
MATPROFILE q8_0 1024 4096 1 4 422
MATPROFILE q8_0 4096 1024 1 4 435
MATPROFILE q8_0 1024 5248 1 1 126
OPPROFILE ADD 60 48
OPPROFILE MUL 14 12
OPPROFILE ARGMAX 1 2
OPPROFILE NORM 14 13
OPPROFILE MUL_MAT 33 1632
OPPROFILE CPY 8 15
OPPROFILE GET_ROWS 2 1
OPPROFILE FLASH_ATTN_EXT 8 44
OPPROFILE UNARY 4 0
MATPROFILE q8_0 1024 1024 1 24 610
MATPROFILE q8_0 1024 4096 1 4 397
MATPROFILE q8_0 4096 1024 1 4 425
MATPROFILE q8_0 1024 5248 1 1 124
OPPROFILE ADD 60 63
OPPROFILE MUL 14 8
OPPROFILE ARGMAX 1 2
OPPROFILE NORM 14 14
OPPROFILE MUL_MAT 33 1555
OPPROFILE CPY 8 16
OPPROFILE GET_ROWS 2 2
OPPROFILE FLASH_ATTN_EXT 8 45
OPPROFILE UNARY 4 2
MATPROFILE q8_0 1024 1024 1 24 649
MATPROFILE q8_0 1024 4096 1 4 396
MATPROFILE q8_0 4096 1024 1 4 413
MATPROFILE q8_0 1024 5248 1 1 122
OPPROFILE ADD 60 59
OPPROFILE MUL 14 4
OPPROFILE ARGMAX 1 2
OPPROFILE NORM 14 14
OPPROFILE MUL_MAT 33 1580
OPPROFILE CPY 8 16
OPPROFILE GET_ROWS 2 0
OPPROFILE FLASH_ATTN_EXT 8 44
OPPROFILE UNARY 4 3
MATPROFILE q8_0 1024 1024 1 24 628
MATPROFILE q8_0 1024 4096 1 4 394
MATPROFILE q8_0 4096 1024 1 4 400
MATPROFILE q8_0 1024 5248 1 1 118
OPPROFILE ADD 60 60
OPPROFILE MUL 14 8
OPPROFILE ARGMAX 1 2
OPPROFILE NORM 14 15
OPPROFILE MUL_MAT 33 1538
OPPROFILE CPY 8 14
OPPROFILE GET_ROWS 2 2
OPPROFILE FLASH_ATTN_EXT 8 43
OPPROFILE UNARY 4 2
STAGE {"decode_ms":131.48500061035156,"encode_ms":80.36399841308594,"mel_ms":7.486000061035156}
MATPROFILE q8_0 1024 1024 63 8 2735
OPPROFILE ADD 8 21
OPPROFILE MUL_MAT 8 2733
OPPROFILE CPY 8 178
MATPROFILE q8_0 1024 1024 9 24 1434
MATPROFILE q8_0 1024 4096 9 4 947
MATPROFILE q8_0 4096 1024 9 4 871
MATPROFILE q8_0 1024 5248 9 1 343
OPPROFILE ADD 60 66
OPPROFILE MUL 14 17
OPPROFILE ARGMAX 1 3
OPPROFILE NORM 14 32
OPPROFILE MUL_MAT 33 3592
OPPROFILE CPY 9 37
OPPROFILE CONT 1 1
OPPROFILE GET_ROWS 2 4
OPPROFILE FLASH_ATTN_EXT 8 172
OPPROFILE UNARY 4 5
MATPROFILE q8_0 1024 1024 1 24 669
MATPROFILE q8_0 1024 4096 1 4 376
MATPROFILE q8_0 4096 1024 1 4 379
MATPROFILE q8_0 1024 5248 1 1 83
OPPROFILE ADD 60 53
OPPROFILE MUL 14 10
OPPROFILE ARGMAX 1 2
OPPROFILE NORM 14 14
OPPROFILE MUL_MAT 33 1506
OPPROFILE CPY 8 17
OPPROFILE GET_ROWS 2 2
OPPROFILE FLASH_ATTN_EXT 8 55
OPPROFILE UNARY 4 3
MATPROFILE q8_0 1024 1024 1 24 652
MATPROFILE q8_0 1024 4096 1 4 362
MATPROFILE q8_0 4096 1024 1 4 376
MATPROFILE q8_0 1024 5248 1 1 76
OPPROFILE ADD 60 49
OPPROFILE MUL 14 11
OPPROFILE ARGMAX 1 2
OPPROFILE NORM 14 12
OPPROFILE MUL_MAT 33 1463
OPPROFILE CPY 8 14
OPPROFILE GET_ROWS 2 2
OPPROFILE FLASH_ATTN_EXT 8 39
OPPROFILE UNARY 4 1
MATPROFILE q8_0 1024 1024 1 24 724
MATPROFILE q8_0 1024 4096 1 4 372
MATPROFILE q8_0 4096 1024 1 4 397
MATPROFILE q8_0 1024 5248 1 1 97
OPPROFILE ADD 60 71
OPPROFILE MUL 14 7
OPPROFILE ARGMAX 1 2
OPPROFILE NORM 14 13
OPPROFILE MUL_MAT 33 1589
OPPROFILE CPY 8 14
OPPROFILE GET_ROWS 2 2
OPPROFILE FLASH_ATTN_EXT 8 38
OPPROFILE UNARY 4 2
MATPROFILE q8_0 1024 1024 1 24 723
MATPROFILE q8_0 1024 4096 1 4 430
MATPROFILE q8_0 4096 1024 1 4 442
MATPROFILE q8_0 1024 5248 1 1 110
OPPROFILE ADD 60 48
OPPROFILE MUL 14 10
OPPROFILE ARGMAX 1 3
OPPROFILE NORM 14 12
OPPROFILE MUL_MAT 33 1701
OPPROFILE CPY 8 15
OPPROFILE GET_ROWS 2 2
OPPROFILE FLASH_ATTN_EXT 8 53
OPPROFILE UNARY 4 3
MATPROFILE q8_0 1024 1024 1 24 719
MATPROFILE q8_0 1024 4096 1 4 427
MATPROFILE q8_0 4096 1024 1 4 483
MATPROFILE q8_0 1024 5248 1 1 101
OPPROFILE ADD 60 71
OPPROFILE MUL 14 5
OPPROFILE ARGMAX 1 3
OPPROFILE NORM 14 13
OPPROFILE MUL_MAT 33 1728
OPPROFILE CPY 8 15
OPPROFILE GET_ROWS 2 2
OPPROFILE FLASH_ATTN_EXT 8 64
OPPROFILE UNARY 4 1
MATPROFILE q8_0 1024 1024 1 24 643
MATPROFILE q8_0 1024 4096 1 4 414
MATPROFILE q8_0 4096 1024 1 4 415
MATPROFILE q8_0 1024 5248 1 1 94
OPPROFILE ADD 60 52
OPPROFILE MUL 14 11
OPPROFILE ARGMAX 1 2
OPPROFILE NORM 14 13
OPPROFILE MUL_MAT 33 1562
OPPROFILE CPY 8 14
OPPROFILE GET_ROWS 2 3
OPPROFILE FLASH_ATTN_EXT 8 38
OPPROFILE UNARY 4 1
MATPROFILE q8_0 1024 1024 1 24 641
MATPROFILE q8_0 1024 4096 1 4 398
MATPROFILE q8_0 4096 1024 1 4 399
MATPROFILE q8_0 1024 5248 1 1 98
OPPROFILE ADD 60 59
OPPROFILE MUL 14 8
OPPROFILE ARGMAX 1 2
OPPROFILE NORM 14 11
OPPROFILE MUL_MAT 33 1535
OPPROFILE CPY 8 14
OPPROFILE GET_ROWS 2 2
OPPROFILE FLASH_ATTN_EXT 8 38
OPPROFILE UNARY 4 1
MATPROFILE q8_0 1024 1024 1 24 616
MATPROFILE q8_0 1024 4096 1 4 373
MATPROFILE q8_0 4096 1024 1 4 386
MATPROFILE q8_0 1024 5248 1 1 88
OPPROFILE ADD 60 51
OPPROFILE MUL 14 11
OPPROFILE ARGMAX 1 2
OPPROFILE NORM 14 11
OPPROFILE MUL_MAT 33 1462
OPPROFILE CPY 8 14
OPPROFILE GET_ROWS 2 2
OPPROFILE FLASH_ATTN_EXT 8 37
OPPROFILE UNARY 4 2
MATPROFILE q8_0 1024 1024 1 24 675
MATPROFILE q8_0 1024 4096 1 4 428
MATPROFILE q8_0 4096 1024 1 4 432
MATPROFILE q8_0 1024 5248 1 1 92
OPPROFILE ADD 60 78
OPPROFILE MUL 14 10
OPPROFILE ARGMAX 1 2
OPPROFILE NORM 14 14
OPPROFILE MUL_MAT 33 1626
OPPROFILE CPY 8 15
OPPROFILE GET_ROWS 2 1
OPPROFILE FLASH_ATTN_EXT 8 41
OPPROFILE UNARY 4 1
MATPROFILE q8_0 1024 1024 1 24 612
MATPROFILE q8_0 1024 4096 1 4 381
MATPROFILE q8_0 4096 1024 1 4 400
MATPROFILE q8_0 1024 5248 1 1 90
OPPROFILE ADD 60 39
OPPROFILE MUL 14 14
OPPROFILE ARGMAX 1 2
OPPROFILE NORM 14 15
OPPROFILE MUL_MAT 33 1481
OPPROFILE CPY 8 17
OPPROFILE GET_ROWS 2 2
OPPROFILE FLASH_ATTN_EXT 8 43
OPPROFILE UNARY 4 3
MATPROFILE q8_0 1024 1024 1 24 631
MATPROFILE q8_0 1024 4096 1 4 376
MATPROFILE q8_0 4096 1024 1 4 380
MATPROFILE q8_0 1024 5248 1 1 85
OPPROFILE ADD 60 52
OPPROFILE MUL 14 8
OPPROFILE ARGMAX 1 3
OPPROFILE NORM 14 14
OPPROFILE MUL_MAT 33 1470
OPPROFILE CPY 8 16
OPPROFILE GET_ROWS 2 2
OPPROFILE FLASH_ATTN_EXT 8 37
OPPROFILE UNARY 4 2
MATPROFILE q8_0 1024 1024 1 24 641
MATPROFILE q8_0 1024 4096 1 4 393
MATPROFILE q8_0 4096 1024 1 4 407
MATPROFILE q8_0 1024 5248 1 1 94
OPPROFILE ADD 60 77
OPPROFILE MUL 14 10
OPPROFILE ARGMAX 1 2
OPPROFILE NORM 14 13
OPPROFILE MUL_MAT 33 1534
OPPROFILE CPY 8 16
OPPROFILE GET_ROWS 2 1
OPPROFILE FLASH_ATTN_EXT 8 45
OPPROFILE UNARY 4 2
MATPROFILE q8_0 1024 1024 1 24 614
MATPROFILE q8_0 1024 4096 1 4 367
MATPROFILE q8_0 4096 1024 1 4 414
MATPROFILE q8_0 1024 5248 1 1 96
OPPROFILE ADD 60 58
OPPROFILE MUL 14 10
OPPROFILE ARGMAX 1 2
OPPROFILE NORM 14 11
OPPROFILE MUL_MAT 33 1489
OPPROFILE CPY 8 15
OPPROFILE GET_ROWS 2 2
OPPROFILE FLASH_ATTN_EXT 8 47
OPPROFILE UNARY 4 2
MATPROFILE q8_0 1024 1024 1 24 642
MATPROFILE q8_0 1024 4096 1 4 399
MATPROFILE q8_0 4096 1024 1 4 413
MATPROFILE q8_0 1024 5248 1 1 105
OPPROFILE ADD 60 71
OPPROFILE MUL 14 6
OPPROFILE ARGMAX 1 3
OPPROFILE NORM 14 14
OPPROFILE MUL_MAT 33 1558
OPPROFILE CPY 8 14
OPPROFILE GET_ROWS 2 2
OPPROFILE FLASH_ATTN_EXT 8 51
OPPROFILE UNARY 4 1
MATPROFILE q8_0 1024 1024 1 24 611
MATPROFILE q8_0 1024 4096 1 4 436
MATPROFILE q8_0 4096 1024 1 4 425
MATPROFILE q8_0 1024 5248 1 1 128
OPPROFILE ADD 60 59
OPPROFILE MUL 14 8
OPPROFILE ARGMAX 1 2
OPPROFILE NORM 14 11
OPPROFILE MUL_MAT 33 1599
OPPROFILE CPY 8 16
OPPROFILE GET_ROWS 2 2
OPPROFILE FLASH_ATTN_EXT 8 43
OPPROFILE UNARY 4 1
MATPROFILE q8_0 1024 1024 1 24 644
MATPROFILE q8_0 1024 4096 1 4 394
MATPROFILE q8_0 4096 1024 1 4 421
MATPROFILE q8_0 1024 5248 1 1 102
OPPROFILE ADD 60 68
OPPROFILE MUL 14 9
OPPROFILE ARGMAX 1 2
OPPROFILE NORM 14 13
OPPROFILE MUL_MAT 33 1561
OPPROFILE CPY 8 15
OPPROFILE GET_ROWS 2 2
OPPROFILE FLASH_ATTN_EXT 8 43
OPPROFILE UNARY 4 2
MATPROFILE q8_0 1024 1024 1 24 619
MATPROFILE q8_0 1024 4096 1 4 384
MATPROFILE q8_0 4096 1024 1 4 400
MATPROFILE q8_0 1024 5248 1 1 97
OPPROFILE ADD 60 50
OPPROFILE MUL 14 8
OPPROFILE ARGMAX 1 2
OPPROFILE NORM 14 14
OPPROFILE MUL_MAT 33 1498
OPPROFILE CPY 8 16
OPPROFILE GET_ROWS 2 1
OPPROFILE FLASH_ATTN_EXT 8 62
OPPROFILE UNARY 4 2
MATPROFILE q8_0 1024 1024 1 24 627
MATPROFILE q8_0 1024 4096 1 4 382
MATPROFILE q8_0 4096 1024 1 4 390
MATPROFILE q8_0 1024 5248 1 1 91
OPPROFILE ADD 60 44
OPPROFILE MUL 14 10
OPPROFILE ARGMAX 1 2
OPPROFILE NORM 14 14
OPPROFILE MUL_MAT 33 1487
OPPROFILE CPY 8 15
OPPROFILE GET_ROWS 2 2
OPPROFILE FLASH_ATTN_EXT 8 42
OPPROFILE UNARY 4 3
MATPROFILE q8_0 1024 1024 1 24 603
MATPROFILE q8_0 1024 4096 1 4 365
MATPROFILE q8_0 4096 1024 1 4 378
MATPROFILE q8_0 1024 5248 1 1 100
OPPROFILE ADD 60 43
OPPROFILE MUL 14 10
OPPROFILE ARGMAX 1 2
OPPROFILE NORM 14 13
OPPROFILE MUL_MAT 33 1443
OPPROFILE CPY 8 15
OPPROFILE GET_ROWS 2 3
OPPROFILE FLASH_ATTN_EXT 8 45
OPPROFILE UNARY 4 2
MATPROFILE q8_0 1024 1024 1 24 612
MATPROFILE q8_0 1024 4096 1 4 360
MATPROFILE q8_0 4096 1024 1 4 384
MATPROFILE q8_0 1024 5248 1 1 91
OPPROFILE ADD 60 55
OPPROFILE MUL 14 6
OPPROFILE ARGMAX 1 2
OPPROFILE NORM 14 14
OPPROFILE MUL_MAT 33 1444
OPPROFILE CPY 8 14
OPPROFILE GET_ROWS 2 2
OPPROFILE FLASH_ATTN_EXT 8 45
OPPROFILE UNARY 4 1
MATPROFILE q8_0 1024 1024 1 24 626
MATPROFILE q8_0 1024 4096 1 4 387
MATPROFILE q8_0 4096 1024 1 4 375
MATPROFILE q8_0 1024 5248 1 1 92
OPPROFILE ADD 60 47
OPPROFILE MUL 14 11
OPPROFILE ARGMAX 1 2
OPPROFILE NORM 14 14
OPPROFILE MUL_MAT 33 1477
OPPROFILE CPY 8 15
OPPROFILE GET_ROWS 2 2
OPPROFILE FLASH_ATTN_EXT 8 44
OPPROFILE UNARY 4 4
MATPROFILE q8_0 1024 1024 1 24 700
MATPROFILE q8_0 1024 4096 1 4 378
MATPROFILE q8_0 4096 1024 1 4 397
MATPROFILE q8_0 1024 5248 1 1 108
OPPROFILE ADD 60 66
OPPROFILE MUL 14 7
OPPROFILE ARGMAX 1 3
OPPROFILE NORM 14 13
OPPROFILE MUL_MAT 33 1580
OPPROFILE CPY 8 16
OPPROFILE GET_ROWS 2 2
OPPROFILE FLASH_ATTN_EXT 8 72
OPPROFILE UNARY 4 3
MATPROFILE q8_0 1024 1024 1 24 659
MATPROFILE q8_0 1024 4096 1 4 438
MATPROFILE q8_0 4096 1024 1 4 422
MATPROFILE q8_0 1024 5248 1 1 116
OPPROFILE ADD 60 52
OPPROFILE MUL 14 7
OPPROFILE ARGMAX 1 2
OPPROFILE NORM 14 13
OPPROFILE MUL_MAT 33 1634
OPPROFILE CPY 8 14
OPPROFILE GET_ROWS 2 0
OPPROFILE FLASH_ATTN_EXT 8 56
OPPROFILE UNARY 4 2
MATPROFILE q8_0 1024 1024 1 24 675
MATPROFILE q8_0 1024 4096 1 4 465
MATPROFILE q8_0 4096 1024 1 4 440
MATPROFILE q8_0 1024 5248 1 1 110
OPPROFILE ADD 60 59
OPPROFILE MUL 14 11
OPPROFILE ARGMAX 1 3
OPPROFILE NORM 14 11
OPPROFILE MUL_MAT 33 1690
OPPROFILE CPY 8 14
OPPROFILE GET_ROWS 2 2
OPPROFILE FLASH_ATTN_EXT 8 60
OPPROFILE UNARY 4 4
MATPROFILE q8_0 1024 1024 1 24 603
MATPROFILE q8_0 1024 4096 1 4 378
MATPROFILE q8_0 4096 1024 1 4 396
MATPROFILE q8_0 1024 5248 1 1 116
OPPROFILE ADD 60 54
OPPROFILE MUL 14 10
OPPROFILE ARGMAX 1 2
OPPROFILE NORM 14 13
OPPROFILE MUL_MAT 33 1491
OPPROFILE CPY 8 14
OPPROFILE GET_ROWS 2 2
OPPROFILE FLASH_ATTN_EXT 8 45
OPPROFILE UNARY 4 3
MATPROFILE q8_0 1024 1024 1 24 621
MATPROFILE q8_0 1024 4096 1 4 392
MATPROFILE q8_0 4096 1024 1 4 402
MATPROFILE q8_0 1024 5248 1 1 101
OPPROFILE ADD 60 58
OPPROFILE MUL 14 11
OPPROFILE ARGMAX 1 2
OPPROFILE NORM 14 13
OPPROFILE MUL_MAT 33 1510
OPPROFILE CPY 8 16
OPPROFILE GET_ROWS 2 2
OPPROFILE FLASH_ATTN_EXT 8 42
OPPROFILE UNARY 4 1
MATPROFILE q8_0 1024 1024 1 24 597
MATPROFILE q8_0 1024 4096 1 4 405
MATPROFILE q8_0 4096 1024 1 4 399
MATPROFILE q8_0 1024 5248 1 1 100
OPPROFILE ADD 60 54
OPPROFILE MUL 14 11
OPPROFILE ARGMAX 1 2
OPPROFILE NORM 14 13
OPPROFILE MUL_MAT 33 1500
OPPROFILE CPY 8 14
OPPROFILE GET_ROWS 2 2
OPPROFILE FLASH_ATTN_EXT 8 42
OPPROFILE UNARY 4 1
MATPROFILE q8_0 1024 1024 1 24 601
MATPROFILE q8_0 1024 4096 1 4 386
MATPROFILE q8_0 4096 1024 1 4 396
MATPROFILE q8_0 1024 5248 1 1 102
OPPROFILE ADD 60 50
OPPROFILE MUL 14 10
OPPROFILE ARGMAX 1 3
OPPROFILE NORM 14 14
OPPROFILE MUL_MAT 33 1484
OPPROFILE CPY 8 15
OPPROFILE GET_ROWS 2 1
OPPROFILE FLASH_ATTN_EXT 8 47
OPPROFILE UNARY 4 2
MATPROFILE q8_0 1024 1024 1 24 597
MATPROFILE q8_0 1024 4096 1 4 408
MATPROFILE q8_0 4096 1024 1 4 402
MATPROFILE q8_0 1024 5248 1 1 103
OPPROFILE ADD 60 78
OPPROFILE MUL 14 8
OPPROFILE ARGMAX 1 2
OPPROFILE NORM 14 14
OPPROFILE MUL_MAT 33 1510
OPPROFILE CPY 8 16
OPPROFILE GET_ROWS 2 1
OPPROFILE FLASH_ATTN_EXT 8 49
OPPROFILE UNARY 4 1
MATPROFILE q8_0 1024 1024 1 24 617
MATPROFILE q8_0 1024 4096 1 4 372
MATPROFILE q8_0 4096 1024 1 4 413
MATPROFILE q8_0 1024 5248 1 1 97
OPPROFILE ADD 60 49
OPPROFILE MUL 14 6
OPPROFILE ARGMAX 1 2
OPPROFILE NORM 14 14
OPPROFILE MUL_MAT 33 1499
OPPROFILE CPY 8 14
OPPROFILE GET_ROWS 2 1
OPPROFILE FLASH_ATTN_EXT 8 50
OPPROFILE UNARY 4 2
MATPROFILE q8_0 1024 1024 1 24 626
MATPROFILE q8_0 1024 4096 1 4 368
MATPROFILE q8_0 4096 1024 1 4 383
MATPROFILE q8_0 1024 5248 1 1 96
OPPROFILE ADD 60 55
OPPROFILE MUL 14 8
OPPROFILE ARGMAX 1 2
OPPROFILE NORM 14 11
OPPROFILE MUL_MAT 33 1471
OPPROFILE CPY 8 16
OPPROFILE GET_ROWS 2 2
OPPROFILE FLASH_ATTN_EXT 8 49
OPPROFILE UNARY 4 1
MATPROFILE q8_0 1024 1024 1 24 646
MATPROFILE q8_0 1024 4096 1 4 388
MATPROFILE q8_0 4096 1024 1 4 439
MATPROFILE q8_0 1024 5248 1 1 111
OPPROFILE ADD 60 52
OPPROFILE MUL 14 7
OPPROFILE ARGMAX 1 2
OPPROFILE NORM 14 13
OPPROFILE MUL_MAT 33 1582
OPPROFILE CPY 8 16
OPPROFILE GET_ROWS 2 2
OPPROFILE FLASH_ATTN_EXT 8 55
OPPROFILE UNARY 4 1
MATPROFILE q8_0 1024 1024 1 24 599
MATPROFILE q8_0 1024 4096 1 4 370
MATPROFILE q8_0 4096 1024 1 4 394
MATPROFILE q8_0 1024 5248 1 1 102
OPPROFILE ADD 60 49
OPPROFILE MUL 14 10
OPPROFILE ARGMAX 1 2
OPPROFILE NORM 14 13
OPPROFILE MUL_MAT 33 1460
OPPROFILE CPY 8 15
OPPROFILE GET_ROWS 2 2
OPPROFILE FLASH_ATTN_EXT 8 55
OPPROFILE UNARY 4 0
MATPROFILE q8_0 1024 1024 1 24 771
MATPROFILE q8_0 1024 4096 1 4 485
MATPROFILE q8_0 4096 1024 1 4 459
MATPROFILE q8_0 1024 5248 1 1 123
OPPROFILE ADD 60 99
OPPROFILE MUL 14 4
OPPROFILE ARGMAX 1 2
OPPROFILE NORM 14 13
OPPROFILE MUL_MAT 33 1838
OPPROFILE CPY 8 17
OPPROFILE GET_ROWS 2 2
OPPROFILE FLASH_ATTN_EXT 8 60
OPPROFILE UNARY 4 3
MATPROFILE q8_0 1024 1024 1 24 646
MATPROFILE q8_0 1024 4096 1 4 408
MATPROFILE q8_0 4096 1024 1 4 420
MATPROFILE q8_0 1024 5248 1 1 114
OPPROFILE ADD 60 52
OPPROFILE MUL 14 11
OPPROFILE ARGMAX 1 2
OPPROFILE NORM 14 13
OPPROFILE MUL_MAT 33 1587
OPPROFILE CPY 8 14
OPPROFILE GET_ROWS 2 2
OPPROFILE FLASH_ATTN_EXT 8 57
OPPROFILE UNARY 4 1
MATPROFILE q8_0 1024 1024 1 24 617
MATPROFILE q8_0 1024 4096 1 4 387
MATPROFILE q8_0 4096 1024 1 4 400
MATPROFILE q8_0 1024 5248 1 1 109
OPPROFILE ADD 60 53
OPPROFILE MUL 14 7
OPPROFILE ARGMAX 1 2
OPPROFILE NORM 14 15
OPPROFILE MUL_MAT 33 1509
OPPROFILE CPY 8 14
OPPROFILE GET_ROWS 2 1
OPPROFILE FLASH_ATTN_EXT 8 51
OPPROFILE UNARY 4 3
MATPROFILE q8_0 1024 1024 1 24 595
MATPROFILE q8_0 1024 4096 1 4 374
MATPROFILE q8_0 4096 1024 1 4 421
MATPROFILE q8_0 1024 5248 1 1 109
OPPROFILE ADD 60 53
OPPROFILE MUL 14 10
OPPROFILE ARGMAX 1 2
OPPROFILE NORM 14 14
OPPROFILE MUL_MAT 33 1498
OPPROFILE CPY 8 16
OPPROFILE GET_ROWS 2 2
OPPROFILE FLASH_ATTN_EXT 8 45
OPPROFILE UNARY 4 2
MATPROFILE q8_0 1024 1024 1 24 620
MATPROFILE q8_0 1024 4096 1 4 368
MATPROFILE q8_0 4096 1024 1 4 425
MATPROFILE q8_0 1024 5248 1 1 113
OPPROFILE ADD 60 48
OPPROFILE MUL 14 11
OPPROFILE ARGMAX 1 3
OPPROFILE NORM 14 13
OPPROFILE MUL_MAT 33 1526
OPPROFILE CPY 8 16
OPPROFILE GET_ROWS 2 2
OPPROFILE FLASH_ATTN_EXT 8 47
OPPROFILE UNARY 4 1
MATPROFILE q8_0 1024 1024 1 24 621
MATPROFILE q8_0 1024 4096 1 4 392
MATPROFILE q8_0 4096 1024 1 4 412
MATPROFILE q8_0 1024 5248 1 1 114
OPPROFILE ADD 60 55
OPPROFILE MUL 14 10
OPPROFILE ARGMAX 1 3
OPPROFILE NORM 14 28
OPPROFILE MUL_MAT 33 1539
OPPROFILE CPY 8 16
OPPROFILE GET_ROWS 2 15
OPPROFILE FLASH_ATTN_EXT 8 56
OPPROFILE UNARY 4 2
MATPROFILE q8_0 1024 1024 1 24 586
MATPROFILE q8_0 1024 4096 1 4 376
MATPROFILE q8_0 4096 1024 1 4 414
MATPROFILE q8_0 1024 5248 1 1 109
OPPROFILE ADD 60 55
OPPROFILE MUL 14 8
OPPROFILE ARGMAX 1 3
OPPROFILE NORM 14 14
OPPROFILE MUL_MAT 33 1485
OPPROFILE CPY 8 15
OPPROFILE GET_ROWS 2 1
OPPROFILE FLASH_ATTN_EXT 8 51
OPPROFILE UNARY 4 3
MATPROFILE q8_0 1024 1024 1 24 619
MATPROFILE q8_0 1024 4096 1 4 371
MATPROFILE q8_0 4096 1024 1 4 401
MATPROFILE q8_0 1024 5248 1 1 119
OPPROFILE ADD 60 61
OPPROFILE MUL 14 5
OPPROFILE ARGMAX 1 3
OPPROFILE NORM 14 13
OPPROFILE MUL_MAT 33 1509
OPPROFILE CPY 8 15
OPPROFILE GET_ROWS 2 2
OPPROFILE FLASH_ATTN_EXT 8 79
OPPROFILE UNARY 4 0
STAGE {"decode_ms":80.24500274658203,"encode_ms":61.63999938964844,"mel_ms":7.203999996185303}
